Archive member included to satisfy reference by file (symbol)

../../lib/libstatic.a(memoire24.o)
                              writing.o (_ZN13Memoire24CXXXD1Ev)
../../lib/libstatic.a(RS232.o)
                              writing.o (_ZN5RS23210initialiseEv)
/usr/lib/gcc/avr/11.2.0/avr5/libgcc.a(_exit.o)
                              /usr/lib/gcc/avr/11.2.0/../../../../avr/lib/avr5/crtatmega324pa.o (exit)
/usr/lib/gcc/avr/11.2.0/avr5/libgcc.a(_copy_data.o)
                              ../../lib/libstatic.a(memoire24.o) (__do_copy_data)

Memory Configuration

Name             Origin             Length             Attributes
text             0x00000000         0x00008000         xr
data             0x00800100         0x00000800         rw!x
eeprom           0x00810000         0x00000400         rw!x
fuse             0x00820000         0x00000003         rw!x
lock             0x00830000         0x00000400         rw!x
signature        0x00840000         0x00000400         rw!x
user_signatures  0x00850000         0x00000400         rw!x
*default*        0x00000000         0xffffffff

Linker script and memory map

Address of section .data set to 0x800100
LOAD /usr/lib/gcc/avr/11.2.0/../../../../avr/lib/avr5/crtatmega324pa.o
LOAD writing.o
LOAD /usr/lib/gcc/avr/11.2.0/../../../../avr/lib/avr5/libm.a
LOAD ../../lib/libstatic.a
START GROUP
LOAD /usr/lib/gcc/avr/11.2.0/avr5/libgcc.a
LOAD /usr/lib/gcc/avr/11.2.0/../../../../avr/lib/avr5/libm.a
LOAD /usr/lib/gcc/avr/11.2.0/../../../../avr/lib/avr5/libc.a
LOAD /usr/lib/gcc/avr/11.2.0/../../../../avr/lib/avr5/libatmega324pa.a
END GROUP
                [0x00008000]                      __TEXT_REGION_LENGTH__ = DEFINED (__TEXT_REGION_LENGTH__)?__TEXT_REGION_LENGTH__:0x20000
                [0x00800100]                      __DATA_REGION_ORIGIN__ = DEFINED (__DATA_REGION_ORIGIN__)?__DATA_REGION_ORIGIN__:0x800060
                [0x00000800]                      __DATA_REGION_LENGTH__ = DEFINED (__DATA_REGION_LENGTH__)?__DATA_REGION_LENGTH__:0xffa0
                [0x00000400]                      __EEPROM_REGION_LENGTH__ = DEFINED (__EEPROM_REGION_LENGTH__)?__EEPROM_REGION_LENGTH__:0x10000
                [0x00000003]                      __FUSE_REGION_LENGTH__ = DEFINED (__FUSE_REGION_LENGTH__)?__FUSE_REGION_LENGTH__:0x400
                0x00000400                        __LOCK_REGION_LENGTH__ = DEFINED (__LOCK_REGION_LENGTH__)?__LOCK_REGION_LENGTH__:0x400
                0x00000400                        __SIGNATURE_REGION_LENGTH__ = DEFINED (__SIGNATURE_REGION_LENGTH__)?__SIGNATURE_REGION_LENGTH__:0x400
                0x00000400                        __USER_SIGNATURE_REGION_LENGTH__ = DEFINED (__USER_SIGNATURE_REGION_LENGTH__)?__USER_SIGNATURE_REGION_LENGTH__:0x400

.hash
 *(.hash)

.dynsym
 *(.dynsym)

.dynstr
 *(.dynstr)

.gnu.version
 *(.gnu.version)

.gnu.version_d
 *(.gnu.version_d)

.gnu.version_r
 *(.gnu.version_r)

.rel.init
 *(.rel.init)

.rela.init
 *(.rela.init)

.rel.text
 *(.rel.text)
 *(.rel.text.*)
 *(.rel.gnu.linkonce.t*)

.rela.text
 *(.rela.text)
 *(.rela.text.*)
 *(.rela.gnu.linkonce.t*)

.rel.fini
 *(.rel.fini)

.rela.fini
 *(.rela.fini)

.rel.rodata
 *(.rel.rodata)
 *(.rel.rodata.*)
 *(.rel.gnu.linkonce.r*)

.rela.rodata
 *(.rela.rodata)
 *(.rela.rodata.*)
 *(.rela.gnu.linkonce.r*)

.rel.data
 *(.rel.data)
 *(.rel.data.*)
 *(.rel.gnu.linkonce.d*)

.rela.data
 *(.rela.data)
 *(.rela.data.*)
 *(.rela.gnu.linkonce.d*)

.rel.ctors
 *(.rel.ctors)

.rela.ctors
 *(.rela.ctors)

.rel.dtors
 *(.rel.dtors)

.rela.dtors
 *(.rela.dtors)

.rel.got
 *(.rel.got)

.rela.got
 *(.rela.got)

.rel.bss
 *(.rel.bss)

.rela.bss
 *(.rela.bss)

.rel.plt
 *(.rel.plt)

.rela.plt
 *(.rela.plt)

.text           0x00000000      0x5aa
 *(.vectors)
 .vectors       0x00000000       0x7c /usr/lib/gcc/avr/11.2.0/../../../../avr/lib/avr5/crtatmega324pa.o
                0x00000000                __vectors
                0x00000000                __vector_default
 *(.vectors)
 *(.progmem.gcc*)
                0x0000007c                        . = ALIGN (0x2)
                0x0000007c                        __trampolines_start = .
 *(.trampolines)
 .trampolines   0x0000007c        0x0 linker stubs
 *(.trampolines*)
                0x0000007c                        __trampolines_end = .
 *libprintf_flt.a:*(.progmem.data)
 *libc.a:*(.progmem.data)
 *(.progmem.*)
                0x0000007c                        . = ALIGN (0x2)
 *(.lowtext)
 *(.lowtext*)
                0x0000007c                        __ctors_start = .
 *(.ctors)
                0x0000007c                        __ctors_end = .
                0x0000007c                        __dtors_start = .
 *(.dtors)
                0x0000007c                        __dtors_end = .
 SORT_BY_NAME(*)(.ctors)
 SORT_BY_NAME(*)(.dtors)
 *(.init0)
 .init0         0x0000007c        0x0 /usr/lib/gcc/avr/11.2.0/../../../../avr/lib/avr5/crtatmega324pa.o
                0x0000007c                __init
 *(.init0)
 *(.init1)
 *(.init1)
 *(.init2)
 .init2         0x0000007c        0xc /usr/lib/gcc/avr/11.2.0/../../../../avr/lib/avr5/crtatmega324pa.o
 *(.init2)
 *(.init3)
 *(.init3)
 *(.init4)
 .init4         0x00000088       0x16 /usr/lib/gcc/avr/11.2.0/avr5/libgcc.a(_copy_data.o)
                0x00000088                __do_copy_data
 *(.init4)
 *(.init5)
 *(.init5)
 *(.init6)
 *(.init6)
 *(.init7)
 *(.init7)
 *(.init8)
 *(.init8)
 *(.init9)
 .init9         0x0000009e        0x8 /usr/lib/gcc/avr/11.2.0/../../../../avr/lib/avr5/crtatmega324pa.o
 *(.init9)
 *(.text)
 .text          0x000000a6        0x4 /usr/lib/gcc/avr/11.2.0/../../../../avr/lib/avr5/crtatmega324pa.o
                0x000000a6                __vector_22
                0x000000a6                __vector_28
                0x000000a6                __vector_1
                0x000000a6                __vector_24
                0x000000a6                __vector_12
                0x000000a6                __bad_interrupt
                0x000000a6                __vector_6
                0x000000a6                __vector_3
                0x000000a6                __vector_23
                0x000000a6                __vector_30
                0x000000a6                __vector_25
                0x000000a6                __vector_11
                0x000000a6                __vector_13
                0x000000a6                __vector_17
                0x000000a6                __vector_19
                0x000000a6                __vector_7
                0x000000a6                __vector_27
                0x000000a6                __vector_5
                0x000000a6                __vector_4
                0x000000a6                __vector_9
                0x000000a6                __vector_2
                0x000000a6                __vector_21
                0x000000a6                __vector_15
                0x000000a6                __vector_29
                0x000000a6                __vector_8
                0x000000a6                __vector_26
                0x000000a6                __vector_14
                0x000000a6                __vector_10
                0x000000a6                __vector_16
                0x000000a6                __vector_18
                0x000000a6                __vector_20
 .text          0x000000aa      0x104 writing.o
                0x000000aa                _Z13writeInMemoryRhR13Memoire24CXXXRjR5RS232
                0x000000f6                _Z21writeByteCodeInMemoryv
 .text          0x000001ae      0x35e ../../lib/libstatic.a(memoire24.o)
                0x000001ae                _ZN13Memoire24CXXXD2Ev
                0x000001ae                _ZN13Memoire24CXXXD1Ev
                0x000001b0                _ZN13Memoire24CXXX4initEv
                0x000001c2                _ZN13Memoire24CXXXC2Ev
                0x000001c2                _ZN13Memoire24CXXXC1Ev
                0x000001ce                _ZN13Memoire24CXXX12choisir_bancEh
                0x000001e4                _ZN13Memoire24CXXX7lectureEjPh
                0x000002a6                _ZN13Memoire24CXXX7lectureEjPhh
                0x00000370                _ZN13Memoire24CXXX8ecritureEjh
                0x00000400                _ZN13Memoire24CXXX11ecrire_pageEjPhh
                0x000004c2                _ZN13Memoire24CXXX8ecritureEjPhh
 .text          0x0000050c       0x90 ../../lib/libstatic.a(RS232.o)
                0x0000050c                _ZN5RS23210initialiseEv
                0x00000536                _ZN5RS23213transmitUsartEh
                0x00000544                _ZN5RS2328readDataEPc
                0x0000058e                _ZN5RS23212receiveUsartEv
 .text          0x0000059c        0x0 /usr/lib/gcc/avr/11.2.0/avr5/libgcc.a(_exit.o)
 .text          0x0000059c        0x0 /usr/lib/gcc/avr/11.2.0/avr5/libgcc.a(_copy_data.o)
                0x0000059c                        . = ALIGN (0x2)
 *(.text.*)
 .text.startup  0x0000059c        0xa writing.o
                0x0000059c                main
 .text.libgcc.mul
                0x000005a6        0x0 /usr/lib/gcc/avr/11.2.0/avr5/libgcc.a(_exit.o)
 .text.libgcc.div
                0x000005a6        0x0 /usr/lib/gcc/avr/11.2.0/avr5/libgcc.a(_exit.o)
 .text.libgcc   0x000005a6        0x0 /usr/lib/gcc/avr/11.2.0/avr5/libgcc.a(_exit.o)
 .text.libgcc.prologue
                0x000005a6        0x0 /usr/lib/gcc/avr/11.2.0/avr5/libgcc.a(_exit.o)
 .text.libgcc.builtins
                0x000005a6        0x0 /usr/lib/gcc/avr/11.2.0/avr5/libgcc.a(_exit.o)
 .text.libgcc.fmul
                0x000005a6        0x0 /usr/lib/gcc/avr/11.2.0/avr5/libgcc.a(_exit.o)
 .text.libgcc.fixed
                0x000005a6        0x0 /usr/lib/gcc/avr/11.2.0/avr5/libgcc.a(_exit.o)
 .text.libgcc.mul
                0x000005a6        0x0 /usr/lib/gcc/avr/11.2.0/avr5/libgcc.a(_copy_data.o)
 .text.libgcc.div
                0x000005a6        0x0 /usr/lib/gcc/avr/11.2.0/avr5/libgcc.a(_copy_data.o)
 .text.libgcc   0x000005a6        0x0 /usr/lib/gcc/avr/11.2.0/avr5/libgcc.a(_copy_data.o)
 .text.libgcc.prologue
                0x000005a6        0x0 /usr/lib/gcc/avr/11.2.0/avr5/libgcc.a(_copy_data.o)
 .text.libgcc.builtins
                0x000005a6        0x0 /usr/lib/gcc/avr/11.2.0/avr5/libgcc.a(_copy_data.o)
 .text.libgcc.fmul
                0x000005a6        0x0 /usr/lib/gcc/avr/11.2.0/avr5/libgcc.a(_copy_data.o)
 .text.libgcc.fixed
                0x000005a6        0x0 /usr/lib/gcc/avr/11.2.0/avr5/libgcc.a(_copy_data.o)
                0x000005a6                        . = ALIGN (0x2)
 *(.fini9)
 .fini9         0x000005a6        0x0 /usr/lib/gcc/avr/11.2.0/avr5/libgcc.a(_exit.o)
                0x000005a6                exit
                0x000005a6                _exit
 *(.fini9)
 *(.fini8)
 *(.fini8)
 *(.fini7)
 *(.fini7)
 *(.fini6)
 *(.fini6)
 *(.fini5)
 *(.fini5)
 *(.fini4)
 *(.fini4)
 *(.fini3)
 *(.fini3)
 *(.fini2)
 *(.fini2)
 *(.fini1)
 *(.fini1)
 *(.fini0)
 .fini0         0x000005a6        0x4 /usr/lib/gcc/avr/11.2.0/avr5/libgcc.a(_exit.o)
 *(.fini0)
 *(.hightext)
 *(.hightext*)
 *(.progmemx.*)
                0x000005aa                        . = ALIGN (0x2)
 *(.jumptables)
 *(.jumptables*)
                0x000005aa                        _etext = .

.data           0x00800100        0x2 load address 0x000005aa
                0x00800100                        PROVIDE (__data_start = .)
 *(.data)
 .data          0x00800100        0x0 /usr/lib/gcc/avr/11.2.0/../../../../avr/lib/avr5/crtatmega324pa.o
 .data          0x00800100        0x0 writing.o
 .data          0x00800100        0x1 ../../lib/libstatic.a(memoire24.o)
                0x00800100                _ZN13Memoire24CXXX22m_adresse_peripheriqueE
 .data          0x00800101        0x0 ../../lib/libstatic.a(RS232.o)
 .data          0x00800101        0x0 /usr/lib/gcc/avr/11.2.0/avr5/libgcc.a(_exit.o)
 .data          0x00800101        0x0 /usr/lib/gcc/avr/11.2.0/avr5/libgcc.a(_copy_data.o)
 *(.data*)
 *(.gnu.linkonce.d*)
 *(.rodata)
 *(.rodata*)
 *(.gnu.linkonce.r*)
                0x00800102                        . = ALIGN (0x2)
 *fill*         0x00800101        0x1 
                0x00800102                        _edata = .
                0x00800102                        PROVIDE (__data_end = .)

.bss            0x00800102        0x0
                [!provide]                        PROVIDE (__bss_start = .)
 *(.bss)
 .bss           0x00800102        0x0 /usr/lib/gcc/avr/11.2.0/../../../../avr/lib/avr5/crtatmega324pa.o
 .bss           0x00800102        0x0 writing.o
 .bss           0x00800102        0x0 ../../lib/libstatic.a(memoire24.o)
 .bss           0x00800102        0x0 ../../lib/libstatic.a(RS232.o)
 .bss           0x00800102        0x0 /usr/lib/gcc/avr/11.2.0/avr5/libgcc.a(_exit.o)
 .bss           0x00800102        0x0 /usr/lib/gcc/avr/11.2.0/avr5/libgcc.a(_copy_data.o)
 *(.bss*)
 *(COMMON)
                [!provide]                        PROVIDE (__bss_end = .)
                0x000005aa                        __data_load_start = LOADADDR (.data)
                0x000005ac                        __data_load_end = (__data_load_start + SIZEOF (.data))

.noinit         0x00800102        0x0
                [!provide]                        PROVIDE (__noinit_start = .)
 *(.noinit .noinit.* .gnu.linkonce.n.*)
                [!provide]                        PROVIDE (__noinit_end = .)
                0x00800102                        _end = .
                [!provide]                        PROVIDE (__heap_start = .)

.eeprom         0x00810000        0x0
 *(.eeprom*)
                0x00810000                        __eeprom_end = .

.fuse
 *(.fuse)
 *(.lfuse)
 *(.hfuse)
 *(.efuse)

.lock
 *(.lock*)

.signature
 *(.signature*)

.stab           0x00000000     0x1134
 *(.stab)
 .stab          0x00000000      0x294 writing.o
 .stab          0x00000294      0xc18 ../../lib/libstatic.a(memoire24.o)
                                0xc24 (size before relaxing)
 .stab          0x00000eac      0x288 ../../lib/libstatic.a(RS232.o)
                                0x294 (size before relaxing)

.stabstr        0x00000000     0x1326
 *(.stabstr)
 .stabstr       0x00000000     0x1326 writing.o

.stab.excl
 *(.stab.excl)

.stab.exclstr
 *(.stab.exclstr)

.stab.index
 *(.stab.index)

.stab.indexstr
 *(.stab.indexstr)

.comment        0x00000000       0x23
 *(.comment)
 .comment       0x00000000       0x23 writing.o
                                 0x24 (size before relaxing)
 .comment       0x00000023       0x24 ../../lib/libstatic.a(memoire24.o)
 .comment       0x00000023       0x24 ../../lib/libstatic.a(RS232.o)

.note.gnu.avr.deviceinfo
                0x00000000       0x40
 .note.gnu.avr.deviceinfo
                0x00000000       0x40 /usr/lib/gcc/avr/11.2.0/../../../../avr/lib/avr5/crtatmega324pa.o

.note.gnu.build-id
 *(.note.gnu.build-id)

.debug
 *(.debug)

.line
 *(.line)

.debug_srcinfo
 *(.debug_srcinfo)

.debug_sfnames
 *(.debug_sfnames)

.debug_aranges
 *(.debug_aranges)

.debug_pubnames
 *(.debug_pubnames)

.debug_info     0x00000000      0x6cc
 *(.debug_info .gnu.linkonce.wi.*)
 .debug_info    0x00000000      0x6cc /usr/lib/gcc/avr/11.2.0/../../../../avr/lib/avr5/crtatmega324pa.o

.debug_abbrev   0x00000000      0x66e
 *(.debug_abbrev)
 .debug_abbrev  0x00000000      0x66e /usr/lib/gcc/avr/11.2.0/../../../../avr/lib/avr5/crtatmega324pa.o

.debug_line     0x00000000       0x1d
 *(.debug_line .debug_line.* .debug_line_end)
 .debug_line    0x00000000       0x1d /usr/lib/gcc/avr/11.2.0/../../../../avr/lib/avr5/crtatmega324pa.o

.debug_frame
 *(.debug_frame)

.debug_str      0x00000000      0x255
 *(.debug_str)
 .debug_str     0x00000000      0x255 /usr/lib/gcc/avr/11.2.0/../../../../avr/lib/avr5/crtatmega324pa.o

.debug_loc
 *(.debug_loc)

.debug_macinfo
 *(.debug_macinfo)

.debug_weaknames
 *(.debug_weaknames)

.debug_funcnames
 *(.debug_funcnames)

.debug_typenames
 *(.debug_typenames)

.debug_varnames
 *(.debug_varnames)

.debug_pubtypes
 *(.debug_pubtypes)

.debug_ranges
 *(.debug_ranges)

.debug_addr
 *(.debug_addr)

.debug_line_str
 *(.debug_line_str)

.debug_loclists
 *(.debug_loclists)

.debug_macro
 *(.debug_macro)

.debug_names
 *(.debug_names)

.debug_rnglists
 *(.debug_rnglists)

.debug_str_offsets
 *(.debug_str_offsets)

.debug_sup
 *(.debug_sup)
OUTPUT(test.elf elf32-avr)
LOAD linker stubs
